abab
acorn
acorn-globals
ajv
ansi-escapes
ansi-regex
ansi-styles
any-observable
app-root-path
argparse
array-equal
array-unique
arr-diff
arr-flatten
arr-union
asn1
assert-plus
assign-symbols
asynckit
async-limiter
atob
aws4
aws-sign2
@babel
balanced-match
base
bcrypt-pbkdf
boom
brace-expansion
braces
browser-process-hrtime
browser-resolve
cache-base
callsites
caseless
chalk
class-utils
cli-cursor
cli-spinners
cli-truncate
co
code-point-at
collection-visit
color-convert
color-name
combined-stream
commander
component-emitter
concat-map
content-type-parser
copy-descriptor
core-util-is
cosmiconfig
cross-spawn
cryptiles
cssom
cssstyle
dashdash
date-fns
debug
decode-uri-component
dedent
deep-is
define-property
delayed-stream
diff
domexception
ecc-jsbn
elegant-spinner
error-ex
escape-string-regexp
escodegen
esprima
estraverse
esutils
execa
exit-hook
expand-brackets
expand-range
expect
extend
extend-shallow
extglob
extsprintf
fast-deep-equal
fast-json-stable-stringify
fast-levenshtein
figures
filename-regex
fill-range
find-parent-dir
forever-agent
for-in
form-data
for-own
fragment-cache
fs.realpath
get-own-enumerable-property-symbols
getpass
get-stream
get-value
glob
glob-base
glob-parent
graceful-fs
har-schema
har-validator
has-ansi
has-flag
has-value
has-values
hawk
hoek
html-encoding-sniffer
http-signature
iconv-lite
indent-string
inflight
inherits
is-accessor-descriptor
isarray
is-arrayish
is-buffer
is-data-descriptor
is-descriptor
is-directory
is-dotfile
is-equal-shallow
isexe
is-extendable
is-extglob
is-finite
is-fullwidth-code-point
is-generator-fn
is-glob
is-number
is-obj
isobject
is-observable
is-odd
is-plain-object
is-posix-bracket
is-primitive
is-promise
is-regexp
isstream
is-stream
is-typedarray
is-windows
jest-config
jest-diff
jest-environment-jsdom
jest-environment-node
jest-get-type
jest-jasmine2
jest-matcher-utils
jest-message-util
jest-mock
jest-regex-util
jest-resolve
jest-snapshot
jest-util
jest-validate
jsbn
jsdom
json-parse-better-errors
json-schema
json-schema-traverse
json-stringify-safe
jsprim
js-tokens
js-yaml
kind-of
lazy-cache
left-pad
leven
levn
lint-staged
listr
listr-silent-renderer
listr-update-renderer
listr-verbose-renderer
lodash
lodash.sortby
log-symbols
log-update
lru-cache
map-cache
map-visit
micromatch
mime-db
mime-types
minimatch
minimist
mixin-deep
mkdirp
ms
nanomatch
natural-compare
npm-path
npm-run-path
npm-which
number-is-nan
nwmatcher
oauth-sign
object-assign
object-copy
object.omit
object.pick
object-visit
once
onetime
optionator
ora
parse5
parse-glob
parse-json
pascalcase
path-is-absolute
path-is-inside
path-key
performance-now
p-finally
pify
please-upgrade-node
p-map
pn
posix-character-classes
prelude-ls
preserve
pretty-format
pseudomap
punycode
qs
randomatic
regex-cache
regex-not
remove-trailing-separator
repeat-element
repeating
repeat-string
request
request-promise-core
request-promise-native
require-from-string
resolve
resolve-url
restore-cursor
ret
rxjs
safe-buffer
safe-regex
sax
set-getter
set-value
shebang-command
shebang-regex
signal-exit
slash
slice-ansi
snapdragon
snapdragon-node
snapdragon-util
sntp
source-map
source-map-resolve
source-map-support
source-map-url
split-string
sprintf-js
sshpk
stack-utils
staged-git-files
static-extend
stealthy-require
stream-to-observable
stringify-object
stringstream
string-width
strip-ansi
strip-eof
supports-color
symbol-observable
symbol-tree
to-object-path
to-regex
to-regex-range
tough-cookie
tr46
tunnel-agent
tweetnacl
type-check
union-value
unset-value
urix
use
uuid
verror
w3c-hr-time
webidl-conversions
whatwg-encoding
whatwg-url
which
wordwrap
wrappy
ws
xml-name-validator
yallist
